29	663888570
28	-1921372445
27	-843894694
26	-1656931639
25	510587836
24	-1083053424
23	1709510200
22	1073498155
21	-681149672
20	1858016859
19	772263370
18	-1991683488
17	167858933
16	1647942757
15	-609391655
14	-1679360619
13	342509396
12	46983238
11	6772850
10	1029803
9	165859
8	28437
7	5221
6	1034
5	223
4	53
3	14
2	4
1	1
0	0
